[17-Apr-2026 19:25:02 UTC] PHP Warning:  require_once(/var/www/html/public/../vendor/autoload.php): Failed to open stream: No such file or directory in /var/www/html/public/index.php on line 28
[17-Apr-2026 19:25:02 UTC] PHP Fatal error:  Uncaught Error: Failed opening required '/var/www/html/public/../vendor/autoload.php' (include_path='.:/usr/local/lib/php') in /var/www/html/public/index.php:28
Stack trace:
#0 {main}
  thrown in /var/www/html/public/index.php on line 28
[17-Apr-2026 19:25:04 UTC] PHP Warning:  require_once(/var/www/html/public/../vendor/autoload.php): Failed to open stream: No such file or directory in /var/www/html/public/index.php on line 28
[17-Apr-2026 19:25:04 UTC] PHP Fatal error:  Uncaught Error: Failed opening required '/var/www/html/public/../vendor/autoload.php' (include_path='.:/usr/local/lib/php') in /var/www/html/public/index.php:28
Stack trace:
#0 {main}
  thrown in /var/www/html/public/index.php on line 28
[17-Apr-2026 19:26:30 UTC] PHP Warning:  require_once(/var/www/html/public/../vendor/autoload.php): Failed to open stream: No such file or directory in /var/www/html/public/index.php on line 28
[17-Apr-2026 19:26:30 UTC] PHP Fatal error:  Uncaught Error: Failed opening required '/var/www/html/public/../vendor/autoload.php' (include_path='.:/usr/local/lib/php') in /var/www/html/public/index.php:28
Stack trace:
#0 {main}
  thrown in /var/www/html/public/index.php on line 28
[17-Apr-2026 19:26:32 UTC] PHP Warning:  require_once(/var/www/html/public/../vendor/autoload.php): Failed to open stream: No such file or directory in /var/www/html/public/index.php on line 28
[17-Apr-2026 19:26:32 UTC] PHP Fatal error:  Uncaught Error: Failed opening required '/var/www/html/public/../vendor/autoload.php' (include_path='.:/usr/local/lib/php') in /var/www/html/public/index.php:28
Stack trace:
#0 {main}
  thrown in /var/www/html/public/index.php on line 28
[17-Apr-2026 19:27:16 UTC] PHP Warning:  require_once(/var/www/html/public/../vendor/autoload.php): Failed to open stream: No such file or directory in /var/www/html/public/index.php on line 28
[17-Apr-2026 19:27:16 UTC] PHP Fatal error:  Uncaught Error: Failed opening required '/var/www/html/public/../vendor/autoload.php' (include_path='.:/usr/local/lib/php') in /var/www/html/public/index.php:28
Stack trace:
#0 {main}
  thrown in /var/www/html/public/index.php on line 28
[17-Apr-2026 19:32:49 UTC] PHP Warning:  require_once(/var/www/html/public/../vendor/autoload.php): Failed to open stream: No such file or directory in /var/www/html/public/index.php on line 28
[17-Apr-2026 19:32:49 UTC] PHP Fatal error:  Uncaught Error: Failed opening required '/var/www/html/public/../vendor/autoload.php' (include_path='.:/usr/local/lib/php') in /var/www/html/public/index.php:28
Stack trace:
#0 {main}
  thrown in /var/www/html/public/index.php on line 28
[17-Apr-2026 19:33:50 UTC] PHP Warning:  require_once(/var/www/html/public/../vendor/autoload.php): Failed to open stream: No such file or directory in /var/www/html/public/index.php on line 28
[17-Apr-2026 19:33:50 UTC] PHP Fatal error:  Uncaught Error: Failed opening required '/var/www/html/public/../vendor/autoload.php' (include_path='.:/usr/local/lib/php') in /var/www/html/public/index.php:28
Stack trace:
#0 {main}
  thrown in /var/www/html/public/index.php on line 28
[17-Apr-2026 19:34:15 UTC] PHP Warning:  require_once(/var/www/html/public/../vendor/autoload.php): Failed to open stream: No such file or directory in /var/www/html/public/index.php on line 28
[17-Apr-2026 19:34:15 UTC] PHP Fatal error:  Uncaught Error: Failed opening required '/var/www/html/public/../vendor/autoload.php' (include_path='.:/usr/local/lib/php') in /var/www/html/public/index.php:28
Stack trace:
#0 {main}
  thrown in /var/www/html/public/index.php on line 28
[17-Apr-2026 19:48:48 UTC] PHP Fatal error:  Uncaught Error: Call to undefined method MilalHomepage\Utils\Database::prepare() in /var/www/html/src/Models/User.php:32
Stack trace:
#0 /var/www/html/src/Controllers/UserController.php(54): MilalHomepage\Models\User->getAll(10, 0)
#1 /var/www/html/src/Routes/ApiRouter.php(208): MilalHomepage\Controllers\UserController->getAll()
#2 /var/www/html/src/Routes/ApiRouter.php(81): MilalHomepage\Routes\ApiRouter->handleUsers(NULL, NULL)
#3 /var/www/html/public/index.php(35): MilalHomepage\Routes\ApiRouter->dispatch()
#4 {main}
  thrown in /var/www/html/src/Models/User.php on line 32
[17-Apr-2026 20:02:30 UTC] PHP Fatal error:  Uncaught Error: Call to undefined method MilalHomepage\Controllers\HeroController::getHero() in /var/www/html/src/Routes/ApiRouter.php:156
Stack trace:
#0 /var/www/html/src/Routes/ApiRouter.php(49): MilalHomepage\Routes\ApiRouter->handleHero(NULL, NULL, NULL)
#1 /var/www/html/public/index.php(35): MilalHomepage\Routes\ApiRouter->dispatch()
#2 {main}
  thrown in /var/www/html/src/Routes/ApiRouter.php on line 156
[17-Apr-2026 20:03:05 UTC] PHP Fatal error:  Uncaught Error: Call to undefined method MilalHomepage\Controllers\HeroController::getHero() in /var/www/html/src/Routes/ApiRouter.php:156
Stack trace:
#0 /var/www/html/src/Routes/ApiRouter.php(49): MilalHomepage\Routes\ApiRouter->handleHero(NULL, NULL, NULL)
#1 /var/www/html/public/index.php(35): MilalHomepage\Routes\ApiRouter->dispatch()
#2 {main}
  thrown in /var/www/html/src/Routes/ApiRouter.php on line 156
[17-Apr-2026 20:15:30 UTC] PHP Fatal error:  Uncaught Error: Call to undefined method MilalHomepage\Utils\Database::prepare() in /var/www/html/src/Models/Member.php:32
Stack trace:
#0 /var/www/html/src/Controllers/MemberController.php(29): MilalHomepage\Models\Member->getAll(50, 0)
#1 /var/www/html/src/Routes/ApiRouter.php(451): MilalHomepage\Controllers\MemberController->getAll()
#2 /var/www/html/src/Routes/ApiRouter.php(85): MilalHomepage\Routes\ApiRouter->handleMembers(NULL, NULL)
#3 /var/www/html/public/index.php(35): MilalHomepage\Routes\ApiRouter->dispatch()
#4 {main}
  thrown in /var/www/html/src/Models/Member.php on line 32
[12-May-2026 20:54:45 UTC] PHP Deprecated:  strpos(): Passing null to parameter #1 ($haystack) of type string is deprecated in /var/www/html/src/Routes/ApiRouter.php on line 40
[12-May-2026 20:54:45 UTC] PHP Deprecated:  explode(): Passing null to parameter #2 ($string) of type string is deprecated in /var/www/html/src/Routes/ApiRouter.php on line 49
[12-May-2026 20:54:45 UTC] PHP Deprecated:  strpos(): Passing null to parameter #1 ($haystack) of type string is deprecated in /var/www/html/src/Routes/ApiRouter.php on line 40
[12-May-2026 20:54:45 UTC] PHP Deprecated:  explode(): Passing null to parameter #2 ($string) of type string is deprecated in /var/www/html/src/Routes/ApiRouter.php on line 49
[12-May-2026 20:55:35 UTC] PHP Deprecated:  strpos(): Passing null to parameter #1 ($haystack) of type string is deprecated in /var/www/html/src/Routes/ApiRouter.php on line 40
[12-May-2026 20:55:35 UTC] PHP Deprecated:  explode(): Passing null to parameter #2 ($string) of type string is deprecated in /var/www/html/src/Routes/ApiRouter.php on line 49
[12-May-2026 20:55:35 UTC] PHP Deprecated:  strpos(): Passing null to parameter #1 ($haystack) of type string is deprecated in /var/www/html/src/Routes/ApiRouter.php on line 40
[12-May-2026 20:55:35 UTC] PHP Deprecated:  explode(): Passing null to parameter #2 ($string) of type string is deprecated in /var/www/html/src/Routes/ApiRouter.php on line 49
[12-May-2026 20:55:50 UTC] PHP Deprecated:  strpos(): Passing null to parameter #1 ($haystack) of type string is deprecated in /var/www/html/src/Routes/ApiRouter.php on line 40
[12-May-2026 20:55:50 UTC] PHP Deprecated:  explode(): Passing null to parameter #2 ($string) of type string is deprecated in /var/www/html/src/Routes/ApiRouter.php on line 49
[12-May-2026 20:55:50 UTC] PHP Deprecated:  strpos(): Passing null to parameter #1 ($haystack) of type string is deprecated in /var/www/html/src/Routes/ApiRouter.php on line 40
[12-May-2026 20:55:50 UTC] PHP Deprecated:  explode(): Passing null to parameter #2 ($string) of type string is deprecated in /var/www/html/src/Routes/ApiRouter.php on line 49
[12-May-2026 21:11:01 UTC] PHP Deprecated:  strpos(): Passing null to parameter #1 ($haystack) of type string is deprecated in /var/www/html/src/Routes/ApiRouter.php on line 40
[12-May-2026 21:11:01 UTC] PHP Deprecated:  explode(): Passing null to parameter #2 ($string) of type string is deprecated in /var/www/html/src/Routes/ApiRouter.php on line 49
[12-May-2026 21:11:01 UTC] PHP Deprecated:  strpos(): Passing null to parameter #1 ($haystack) of type string is deprecated in /var/www/html/src/Routes/ApiRouter.php on line 40
[12-May-2026 21:11:01 UTC] PHP Deprecated:  explode(): Passing null to parameter #2 ($string) of type string is deprecated in /var/www/html/src/Routes/ApiRouter.php on line 49
[12-May-2026 21:18:12 UTC] PHP Deprecated:  strpos(): Passing null to parameter #1 ($haystack) of type string is deprecated in /var/www/html/src/Routes/ApiRouter.php on line 40
[12-May-2026 21:18:12 UTC] PHP Deprecated:  explode(): Passing null to parameter #2 ($string) of type string is deprecated in /var/www/html/src/Routes/ApiRouter.php on line 49
[12-May-2026 21:18:13 UTC] PHP Deprecated:  strpos(): Passing null to parameter #1 ($haystack) of type string is deprecated in /var/www/html/src/Routes/ApiRouter.php on line 40
[12-May-2026 21:18:13 UTC] PHP Deprecated:  explode(): Passing null to parameter #2 ($string) of type string is deprecated in /var/www/html/src/Routes/ApiRouter.php on line 49
[12-May-2026 21:19:50 UTC] PHP Deprecated:  strpos(): Passing null to parameter #1 ($haystack) of type string is deprecated in /var/www/html/src/Routes/ApiRouter.php on line 40
[12-May-2026 21:19:50 UTC] PHP Deprecated:  explode(): Passing null to parameter #2 ($string) of type string is deprecated in /var/www/html/src/Routes/ApiRouter.php on line 49
[12-May-2026 21:19:50 UTC] PHP Deprecated:  strpos(): Passing null to parameter #1 ($haystack) of type string is deprecated in /var/www/html/src/Routes/ApiRouter.php on line 40
[12-May-2026 21:19:50 UTC] PHP Deprecated:  explode(): Passing null to parameter #2 ($string) of type string is deprecated in /var/www/html/src/Routes/ApiRouter.php on line 49
[12-May-2026 21:24:23 UTC] PHP Deprecated:  strpos(): Passing null to parameter #1 ($haystack) of type string is deprecated in /var/www/html/src/Routes/ApiRouter.php on line 40
[12-May-2026 21:24:23 UTC] PHP Deprecated:  explode(): Passing null to parameter #2 ($string) of type string is deprecated in /var/www/html/src/Routes/ApiRouter.php on line 49
[12-May-2026 21:24:23 UTC] PHP Deprecated:  strpos(): Passing null to parameter #1 ($haystack) of type string is deprecated in /var/www/html/src/Routes/ApiRouter.php on line 40
[12-May-2026 21:24:23 UTC] PHP Deprecated:  explode(): Passing null to parameter #2 ($string) of type string is deprecated in /var/www/html/src/Routes/ApiRouter.php on line 49
[12-May-2026 21:41:44 UTC] PHP Deprecated:  strpos(): Passing null to parameter #1 ($haystack) of type string is deprecated in /var/www/html/src/Routes/ApiRouter.php on line 40
[12-May-2026 21:41:44 UTC] PHP Deprecated:  explode(): Passing null to parameter #2 ($string) of type string is deprecated in /var/www/html/src/Routes/ApiRouter.php on line 49
[12-May-2026 21:42:03 UTC] PHP Deprecated:  strpos(): Passing null to parameter #1 ($haystack) of type string is deprecated in /var/www/html/src/Routes/ApiRouter.php on line 40
[12-May-2026 21:42:03 UTC] PHP Deprecated:  explode(): Passing null to parameter #2 ($string) of type string is deprecated in /var/www/html/src/Routes/ApiRouter.php on line 49
[12-May-2026 21:42:03 UTC] PHP Deprecated:  strpos(): Passing null to parameter #1 ($haystack) of type string is deprecated in /var/www/html/src/Routes/ApiRouter.php on line 40
[12-May-2026 21:42:03 UTC] PHP Deprecated:  explode(): Passing null to parameter #2 ($string) of type string is deprecated in /var/www/html/src/Routes/ApiRouter.php on line 49
[12-May-2026 21:42:19 UTC] PHP Deprecated:  strpos(): Passing null to parameter #1 ($haystack) of type string is deprecated in /var/www/html/src/Routes/ApiRouter.php on line 40
[12-May-2026 21:42:19 UTC] PHP Deprecated:  explode(): Passing null to parameter #2 ($string) of type string is deprecated in /var/www/html/src/Routes/ApiRouter.php on line 49
[12-May-2026 21:43:04 UTC] PHP Deprecated:  strpos(): Passing null to parameter #1 ($haystack) of type string is deprecated in /var/www/html/src/Routes/ApiRouter.php on line 40
[12-May-2026 21:43:04 UTC] PHP Deprecated:  explode(): Passing null to parameter #2 ($string) of type string is deprecated in /var/www/html/src/Routes/ApiRouter.php on line 49
[12-May-2026 21:45:52 UTC] PHP Deprecated:  strpos(): Passing null to parameter #1 ($haystack) of type string is deprecated in /var/www/html/src/Routes/ApiRouter.php on line 40
[12-May-2026 21:45:52 UTC] PHP Deprecated:  explode(): Passing null to parameter #2 ($string) of type string is deprecated in /var/www/html/src/Routes/ApiRouter.php on line 49
[12-May-2026 21:46:05 UTC] PHP Deprecated:  strpos(): Passing null to parameter #1 ($haystack) of type string is deprecated in /var/www/html/src/Routes/ApiRouter.php on line 40
[12-May-2026 21:46:05 UTC] PHP Deprecated:  explode(): Passing null to parameter #2 ($string) of type string is deprecated in /var/www/html/src/Routes/ApiRouter.php on line 49
[12-May-2026 21:50:27 UTC] PHP Deprecated:  strpos(): Passing null to parameter #1 ($haystack) of type string is deprecated in /var/www/html/src/Routes/ApiRouter.php on line 40
[12-May-2026 21:50:27 UTC] PHP Deprecated:  explode(): Passing null to parameter #2 ($string) of type string is deprecated in /var/www/html/src/Routes/ApiRouter.php on line 49
[12-May-2026 21:50:27 UTC] PHP Deprecated:  strpos(): Passing null to parameter #1 ($haystack) of type string is deprecated in /var/www/html/src/Routes/ApiRouter.php on line 40
[12-May-2026 21:50:27 UTC] PHP Deprecated:  explode(): Passing null to parameter #2 ($string) of type string is deprecated in /var/www/html/src/Routes/ApiRouter.php on line 49
[12-May-2026 21:56:38 UTC] PHP Deprecated:  strpos(): Passing null to parameter #1 ($haystack) of type string is deprecated in /var/www/html/src/Routes/ApiRouter.php on line 40
[12-May-2026 21:56:38 UTC] PHP Deprecated:  explode(): Passing null to parameter #2 ($string) of type string is deprecated in /var/www/html/src/Routes/ApiRouter.php on line 49
[12-May-2026 21:56:38 UTC] PHP Deprecated:  strpos(): Passing null to parameter #1 ($haystack) of type string is deprecated in /var/www/html/src/Routes/ApiRouter.php on line 40
[12-May-2026 21:56:38 UTC] PHP Deprecated:  explode(): Passing null to parameter #2 ($string) of type string is deprecated in /var/www/html/src/Routes/ApiRouter.php on line 49
[12-May-2026 21:59:12 UTC] PHP Deprecated:  strpos(): Passing null to parameter #1 ($haystack) of type string is deprecated in /var/www/html/src/Routes/ApiRouter.php on line 40
[12-May-2026 21:59:12 UTC] PHP Deprecated:  explode(): Passing null to parameter #2 ($string) of type string is deprecated in /var/www/html/src/Routes/ApiRouter.php on line 49
[12-May-2026 21:59:17 UTC] PHP Deprecated:  strpos(): Passing null to parameter #1 ($haystack) of type string is deprecated in /var/www/html/src/Routes/ApiRouter.php on line 40
[12-May-2026 21:59:17 UTC] PHP Deprecated:  explode(): Passing null to parameter #2 ($string) of type string is deprecated in /var/www/html/src/Routes/ApiRouter.php on line 49
[12-May-2026 22:03:18 UTC] PHP Deprecated:  strpos(): Passing null to parameter #1 ($haystack) of type string is deprecated in /var/www/html/src/Routes/ApiRouter.php on line 40
[12-May-2026 22:03:18 UTC] PHP Deprecated:  explode(): Passing null to parameter #2 ($string) of type string is deprecated in /var/www/html/src/Routes/ApiRouter.php on line 49
[12-May-2026 22:03:19 UTC] PHP Deprecated:  strpos(): Passing null to parameter #1 ($haystack) of type string is deprecated in /var/www/html/src/Routes/ApiRouter.php on line 40
[12-May-2026 22:03:19 UTC] PHP Deprecated:  explode(): Passing null to parameter #2 ($string) of type string is deprecated in /var/www/html/src/Routes/ApiRouter.php on line 49
[12-May-2026 22:04:13 UTC] PHP Deprecated:  strpos(): Passing null to parameter #1 ($haystack) of type string is deprecated in /var/www/html/src/Routes/ApiRouter.php on line 40
[12-May-2026 22:04:13 UTC] PHP Deprecated:  explode(): Passing null to parameter #2 ($string) of type string is deprecated in /var/www/html/src/Routes/ApiRouter.php on line 49
[12-May-2026 22:04:14 UTC] PHP Deprecated:  strpos(): Passing null to parameter #1 ($haystack) of type string is deprecated in /var/www/html/src/Routes/ApiRouter.php on line 40
[12-May-2026 22:04:14 UTC] PHP Deprecated:  explode(): Passing null to parameter #2 ($string) of type string is deprecated in /var/www/html/src/Routes/ApiRouter.php on line 49
[12-May-2026 22:04:31 UTC] PHP Deprecated:  strpos(): Passing null to parameter #1 ($haystack) of type string is deprecated in /var/www/html/src/Routes/ApiRouter.php on line 40
[12-May-2026 22:04:31 UTC] PHP Deprecated:  explode(): Passing null to parameter #2 ($string) of type string is deprecated in /var/www/html/src/Routes/ApiRouter.php on line 49
[12-May-2026 22:04:32 UTC] PHP Deprecated:  strpos(): Passing null to parameter #1 ($haystack) of type string is deprecated in /var/www/html/src/Routes/ApiRouter.php on line 40
[12-May-2026 22:04:32 UTC] PHP Deprecated:  explode(): Passing null to parameter #2 ($string) of type string is deprecated in /var/www/html/src/Routes/ApiRouter.php on line 49
[12-May-2026 22:05:57 UTC] PHP Deprecated:  strpos(): Passing null to parameter #1 ($haystack) of type string is deprecated in /var/www/html/src/Routes/ApiRouter.php on line 40
[12-May-2026 22:05:57 UTC] PHP Deprecated:  explode(): Passing null to parameter #2 ($string) of type string is deprecated in /var/www/html/src/Routes/ApiRouter.php on line 49
[12-May-2026 22:05:57 UTC] PHP Deprecated:  strpos(): Passing null to parameter #1 ($haystack) of type string is deprecated in /var/www/html/src/Routes/ApiRouter.php on line 40
[12-May-2026 22:05:57 UTC] PHP Deprecated:  explode(): Passing null to parameter #2 ($string) of type string is deprecated in /var/www/html/src/Routes/ApiRouter.php on line 49
[12-May-2026 22:05:59 UTC] PHP Deprecated:  strpos(): Passing null to parameter #1 ($haystack) of type string is deprecated in /var/www/html/src/Routes/ApiRouter.php on line 40
[12-May-2026 22:05:59 UTC] PHP Deprecated:  explode(): Passing null to parameter #2 ($string) of type string is deprecated in /var/www/html/src/Routes/ApiRouter.php on line 49
[12-May-2026 22:05:59 UTC] PHP Deprecated:  strpos(): Passing null to parameter #1 ($haystack) of type string is deprecated in /var/www/html/src/Routes/ApiRouter.php on line 40
[12-May-2026 22:05:59 UTC] PHP Deprecated:  explode(): Passing null to parameter #2 ($string) of type string is deprecated in /var/www/html/src/Routes/ApiRouter.php on line 49
[12-May-2026 22:06:09 UTC] PHP Deprecated:  strpos(): Passing null to parameter #1 ($haystack) of type string is deprecated in /var/www/html/src/Routes/ApiRouter.php on line 40
[12-May-2026 22:06:09 UTC] PHP Deprecated:  explode(): Passing null to parameter #2 ($string) of type string is deprecated in /var/www/html/src/Routes/ApiRouter.php on line 49
[12-May-2026 22:06:10 UTC] PHP Deprecated:  strpos(): Passing null to parameter #1 ($haystack) of type string is deprecated in /var/www/html/src/Routes/ApiRouter.php on line 40
[12-May-2026 22:06:10 UTC] PHP Deprecated:  explode(): Passing null to parameter #2 ($string) of type string is deprecated in /var/www/html/src/Routes/ApiRouter.php on line 49
[12-May-2026 22:08:33 UTC] PHP Deprecated:  strpos(): Passing null to parameter #1 ($haystack) of type string is deprecated in /var/www/html/src/Routes/ApiRouter.php on line 40
[12-May-2026 22:08:33 UTC] PHP Deprecated:  explode(): Passing null to parameter #2 ($string) of type string is deprecated in /var/www/html/src/Routes/ApiRouter.php on line 49
[12-May-2026 22:08:33 UTC] PHP Deprecated:  strpos(): Passing null to parameter #1 ($haystack) of type string is deprecated in /var/www/html/src/Routes/ApiRouter.php on line 40
[12-May-2026 22:08:33 UTC] PHP Deprecated:  explode(): Passing null to parameter #2 ($string) of type string is deprecated in /var/www/html/src/Routes/ApiRouter.php on line 49
[12-May-2026 22:08:47 UTC] PHP Deprecated:  strpos(): Passing null to parameter #1 ($haystack) of type string is deprecated in /var/www/html/src/Routes/ApiRouter.php on line 40
[12-May-2026 22:08:47 UTC] PHP Deprecated:  explode(): Passing null to parameter #2 ($string) of type string is deprecated in /var/www/html/src/Routes/ApiRouter.php on line 49
[12-May-2026 22:08:48 UTC] PHP Deprecated:  strpos(): Passing null to parameter #1 ($haystack) of type string is deprecated in /var/www/html/src/Routes/ApiRouter.php on line 40
[12-May-2026 22:08:48 UTC] PHP Deprecated:  explode(): Passing null to parameter #2 ($string) of type string is deprecated in /var/www/html/src/Routes/ApiRouter.php on line 49
[12-May-2026 22:08:49 UTC] PHP Deprecated:  strpos(): Passing null to parameter #1 ($haystack) of type string is deprecated in /var/www/html/src/Routes/ApiRouter.php on line 40
[12-May-2026 22:08:49 UTC] PHP Deprecated:  explode(): Passing null to parameter #2 ($string) of type string is deprecated in /var/www/html/src/Routes/ApiRouter.php on line 49
[12-May-2026 22:08:49 UTC] PHP Deprecated:  strpos(): Passing null to parameter #1 ($haystack) of type string is deprecated in /var/www/html/src/Routes/ApiRouter.php on line 40
[12-May-2026 22:08:49 UTC] PHP Deprecated:  explode(): Passing null to parameter #2 ($string) of type string is deprecated in /var/www/html/src/Routes/ApiRouter.php on line 49
[12-May-2026 22:09:00 UTC] PHP Deprecated:  strpos(): Passing null to parameter #1 ($haystack) of type string is deprecated in /var/www/html/src/Routes/ApiRouter.php on line 40
[12-May-2026 22:09:00 UTC] PHP Deprecated:  explode(): Passing null to parameter #2 ($string) of type string is deprecated in /var/www/html/src/Routes/ApiRouter.php on line 49
[12-May-2026 22:09:00 UTC] PHP Deprecated:  strpos(): Passing null to parameter #1 ($haystack) of type string is deprecated in /var/www/html/src/Routes/ApiRouter.php on line 40
[12-May-2026 22:09:00 UTC] PHP Deprecated:  explode(): Passing null to parameter #2 ($string) of type string is deprecated in /var/www/html/src/Routes/ApiRouter.php on line 49
[12-May-2026 22:09:00 UTC] PHP Deprecated:  strpos(): Passing null to parameter #1 ($haystack) of type string is deprecated in /var/www/html/src/Routes/ApiRouter.php on line 40
[12-May-2026 22:09:00 UTC] PHP Deprecated:  explode(): Passing null to parameter #2 ($string) of type string is deprecated in /var/www/html/src/Routes/ApiRouter.php on line 49
[12-May-2026 22:09:01 UTC] PHP Deprecated:  strpos(): Passing null to parameter #1 ($haystack) of type string is deprecated in /var/www/html/src/Routes/ApiRouter.php on line 40
[12-May-2026 22:09:01 UTC] PHP Deprecated:  explode(): Passing null to parameter #2 ($string) of type string is deprecated in /var/www/html/src/Routes/ApiRouter.php on line 49
[12-May-2026 22:10:42 UTC] PHP Deprecated:  strpos(): Passing null to parameter #1 ($haystack) of type string is deprecated in /var/www/html/src/Routes/ApiRouter.php on line 40
[12-May-2026 22:10:42 UTC] PHP Deprecated:  explode(): Passing null to parameter #2 ($string) of type string is deprecated in /var/www/html/src/Routes/ApiRouter.php on line 49
[12-May-2026 22:10:42 UTC] PHP Deprecated:  strpos(): Passing null to parameter #1 ($haystack) of type string is deprecated in /var/www/html/src/Routes/ApiRouter.php on line 40
[12-May-2026 22:10:42 UTC] PHP Deprecated:  explode(): Passing null to parameter #2 ($string) of type string is deprecated in /var/www/html/src/Routes/ApiRouter.php on line 49
[12-May-2026 22:12:44 UTC] PHP Deprecated:  strpos(): Passing null to parameter #1 ($haystack) of type string is deprecated in /var/www/html/src/Routes/ApiRouter.php on line 40
[12-May-2026 22:12:44 UTC] PHP Deprecated:  explode(): Passing null to parameter #2 ($string) of type string is deprecated in /var/www/html/src/Routes/ApiRouter.php on line 49
[12-May-2026 22:12:45 UTC] PHP Deprecated:  strpos(): Passing null to parameter #1 ($haystack) of type string is deprecated in /var/www/html/src/Routes/ApiRouter.php on line 40
[12-May-2026 22:12:45 UTC] PHP Deprecated:  explode(): Passing null to parameter #2 ($string) of type string is deprecated in /var/www/html/src/Routes/ApiRouter.php on line 49
[12-May-2026 22:12:52 UTC] PHP Deprecated:  strpos(): Passing null to parameter #1 ($haystack) of type string is deprecated in /var/www/html/src/Routes/ApiRouter.php on line 40
[12-May-2026 22:12:52 UTC] PHP Deprecated:  explode(): Passing null to parameter #2 ($string) of type string is deprecated in /var/www/html/src/Routes/ApiRouter.php on line 49
[12-May-2026 22:12:52 UTC] PHP Deprecated:  strpos(): Passing null to parameter #1 ($haystack) of type string is deprecated in /var/www/html/src/Routes/ApiRouter.php on line 40
[12-May-2026 22:12:52 UTC] PHP Deprecated:  explode(): Passing null to parameter #2 ($string) of type string is deprecated in /var/www/html/src/Routes/ApiRouter.php on line 49
[12-May-2026 22:12:58 UTC] PHP Deprecated:  strpos(): Passing null to parameter #1 ($haystack) of type string is deprecated in /var/www/html/src/Routes/ApiRouter.php on line 40
[12-May-2026 22:12:58 UTC] PHP Deprecated:  explode(): Passing null to parameter #2 ($string) of type string is deprecated in /var/www/html/src/Routes/ApiRouter.php on line 49
[12-May-2026 22:12:58 UTC] PHP Deprecated:  strpos(): Passing null to parameter #1 ($haystack) of type string is deprecated in /var/www/html/src/Routes/ApiRouter.php on line 40
[12-May-2026 22:12:58 UTC] PHP Deprecated:  explode(): Passing null to parameter #2 ($string) of type string is deprecated in /var/www/html/src/Routes/ApiRouter.php on line 49
[12-May-2026 22:13:21 UTC] PHP Deprecated:  strpos(): Passing null to parameter #1 ($haystack) of type string is deprecated in /var/www/html/src/Routes/ApiRouter.php on line 40
[12-May-2026 22:13:21 UTC] PHP Deprecated:  explode(): Passing null to parameter #2 ($string) of type string is deprecated in /var/www/html/src/Routes/ApiRouter.php on line 49
[12-May-2026 22:13:21 UTC] PHP Deprecated:  strpos(): Passing null to parameter #1 ($haystack) of type string is deprecated in /var/www/html/src/Routes/ApiRouter.php on line 40
[12-May-2026 22:13:21 UTC] PHP Deprecated:  explode(): Passing null to parameter #2 ($string) of type string is deprecated in /var/www/html/src/Routes/ApiRouter.php on line 49
[12-May-2026 22:13:22 UTC] PHP Deprecated:  strpos(): Passing null to parameter #1 ($haystack) of type string is deprecated in /var/www/html/src/Routes/ApiRouter.php on line 40
[12-May-2026 22:13:22 UTC] PHP Deprecated:  explode(): Passing null to parameter #2 ($string) of type string is deprecated in /var/www/html/src/Routes/ApiRouter.php on line 49
[12-May-2026 22:13:22 UTC] PHP Deprecated:  strpos(): Passing null to parameter #1 ($haystack) of type string is deprecated in /var/www/html/src/Routes/ApiRouter.php on line 40
[12-May-2026 22:13:22 UTC] PHP Deprecated:  explode(): Passing null to parameter #2 ($string) of type string is deprecated in /var/www/html/src/Routes/ApiRouter.php on line 49
[12-May-2026 22:13:27 UTC] PHP Deprecated:  strpos(): Passing null to parameter #1 ($haystack) of type string is deprecated in /var/www/html/src/Routes/ApiRouter.php on line 40
[12-May-2026 22:13:27 UTC] PHP Deprecated:  explode(): Passing null to parameter #2 ($string) of type string is deprecated in /var/www/html/src/Routes/ApiRouter.php on line 49
[12-May-2026 22:13:27 UTC] PHP Deprecated:  strpos(): Passing null to parameter #1 ($haystack) of type string is deprecated in /var/www/html/src/Routes/ApiRouter.php on line 40
[12-May-2026 22:13:27 UTC] PHP Deprecated:  explode(): Passing null to parameter #2 ($string) of type string is deprecated in /var/www/html/src/Routes/ApiRouter.php on line 49
[12-May-2026 22:15:05 UTC] PHP Deprecated:  strpos(): Passing null to parameter #1 ($haystack) of type string is deprecated in /var/www/html/src/Routes/ApiRouter.php on line 40
[12-May-2026 22:15:05 UTC] PHP Deprecated:  explode(): Passing null to parameter #2 ($string) of type string is deprecated in /var/www/html/src/Routes/ApiRouter.php on line 49
[12-May-2026 22:15:05 UTC] PHP Deprecated:  strpos(): Passing null to parameter #1 ($haystack) of type string is deprecated in /var/www/html/src/Routes/ApiRouter.php on line 40
[12-May-2026 22:15:05 UTC] PHP Deprecated:  explode(): Passing null to parameter #2 ($string) of type string is deprecated in /var/www/html/src/Routes/ApiRouter.php on line 49
[12-May-2026 22:15:32 UTC] PHP Deprecated:  strpos(): Passing null to parameter #1 ($haystack) of type string is deprecated in /var/www/html/src/Routes/ApiRouter.php on line 40
[12-May-2026 22:15:32 UTC] PHP Deprecated:  explode(): Passing null to parameter #2 ($string) of type string is deprecated in /var/www/html/src/Routes/ApiRouter.php on line 49
[12-May-2026 22:15:33 UTC] PHP Deprecated:  strpos(): Passing null to parameter #1 ($haystack) of type string is deprecated in /var/www/html/src/Routes/ApiRouter.php on line 40
[12-May-2026 22:15:33 UTC] PHP Deprecated:  explode(): Passing null to parameter #2 ($string) of type string is deprecated in /var/www/html/src/Routes/ApiRouter.php on line 49
[12-May-2026 22:15:36 UTC] PHP Deprecated:  strpos(): Passing null to parameter #1 ($haystack) of type string is deprecated in /var/www/html/src/Routes/ApiRouter.php on line 40
[12-May-2026 22:15:36 UTC] PHP Deprecated:  explode(): Passing null to parameter #2 ($string) of type string is deprecated in /var/www/html/src/Routes/ApiRouter.php on line 49
[12-May-2026 22:15:36 UTC] PHP Deprecated:  strpos(): Passing null to parameter #1 ($haystack) of type string is deprecated in /var/www/html/src/Routes/ApiRouter.php on line 40
[12-May-2026 22:15:36 UTC] PHP Deprecated:  explode(): Passing null to parameter #2 ($string) of type string is deprecated in /var/www/html/src/Routes/ApiRouter.php on line 49
[12-May-2026 22:15:37 UTC] PHP Deprecated:  strpos(): Passing null to parameter #1 ($haystack) of type string is deprecated in /var/www/html/src/Routes/ApiRouter.php on line 40
[12-May-2026 22:15:37 UTC] PHP Deprecated:  explode(): Passing null to parameter #2 ($string) of type string is deprecated in /var/www/html/src/Routes/ApiRouter.php on line 49
[12-May-2026 22:15:37 UTC] PHP Deprecated:  strpos(): Passing null to parameter #1 ($haystack) of type string is deprecated in /var/www/html/src/Routes/ApiRouter.php on line 40
[12-May-2026 22:15:38 UTC] PHP Deprecated:  explode(): Passing null to parameter #2 ($string) of type string is deprecated in /var/www/html/src/Routes/ApiRouter.php on line 49
[12-May-2026 22:15:38 UTC] PHP Deprecated:  strpos(): Passing null to parameter #1 ($haystack) of type string is deprecated in /var/www/html/src/Routes/ApiRouter.php on line 40
[12-May-2026 22:15:38 UTC] PHP Deprecated:  explode(): Passing null to parameter #2 ($string) of type string is deprecated in /var/www/html/src/Routes/ApiRouter.php on line 49
[12-May-2026 22:15:38 UTC] PHP Deprecated:  strpos(): Passing null to parameter #1 ($haystack) of type string is deprecated in /var/www/html/src/Routes/ApiRouter.php on line 40
[12-May-2026 22:15:38 UTC] PHP Deprecated:  explode(): Passing null to parameter #2 ($string) of type string is deprecated in /var/www/html/src/Routes/ApiRouter.php on line 49
[12-May-2026 22:15:44 UTC] PHP Deprecated:  strpos(): Passing null to parameter #1 ($haystack) of type string is deprecated in /var/www/html/src/Routes/ApiRouter.php on line 40
[12-May-2026 22:15:44 UTC] PHP Deprecated:  explode(): Passing null to parameter #2 ($string) of type string is deprecated in /var/www/html/src/Routes/ApiRouter.php on line 49
[12-May-2026 22:15:44 UTC] PHP Deprecated:  strpos(): Passing null to parameter #1 ($haystack) of type string is deprecated in /var/www/html/src/Routes/ApiRouter.php on line 40
[12-May-2026 22:15:44 UTC] PHP Deprecated:  explode(): Passing null to parameter #2 ($string) of type string is deprecated in /var/www/html/src/Routes/ApiRouter.php on line 49
[12-May-2026 22:15:46 UTC] PHP Deprecated:  strpos(): Passing null to parameter #1 ($haystack) of type string is deprecated in /var/www/html/src/Routes/ApiRouter.php on line 40
[12-May-2026 22:15:46 UTC] PHP Deprecated:  explode(): Passing null to parameter #2 ($string) of type string is deprecated in /var/www/html/src/Routes/ApiRouter.php on line 49
[12-May-2026 22:15:46 UTC] PHP Deprecated:  strpos(): Passing null to parameter #1 ($haystack) of type string is deprecated in /var/www/html/src/Routes/ApiRouter.php on line 40
[12-May-2026 22:15:46 UTC] PHP Deprecated:  explode(): Passing null to parameter #2 ($string) of type string is deprecated in /var/www/html/src/Routes/ApiRouter.php on line 49
[12-May-2026 22:15:47 UTC] PHP Deprecated:  strpos(): Passing null to parameter #1 ($haystack) of type string is deprecated in /var/www/html/src/Routes/ApiRouter.php on line 40
[12-May-2026 22:15:47 UTC] PHP Deprecated:  explode(): Passing null to parameter #2 ($string) of type string is deprecated in /var/www/html/src/Routes/ApiRouter.php on line 49
[12-May-2026 22:15:47 UTC] PHP Deprecated:  strpos(): Passing null to parameter #1 ($haystack) of type string is deprecated in /var/www/html/src/Routes/ApiRouter.php on line 40
[12-May-2026 22:15:47 UTC] PHP Deprecated:  explode(): Passing null to parameter #2 ($string) of type string is deprecated in /var/www/html/src/Routes/ApiRouter.php on line 49
[12-May-2026 22:40:09 UTC] PHP Deprecated:  strpos(): Passing null to parameter #1 ($haystack) of type string is deprecated in /var/www/html/src/Routes/ApiRouter.php on line 40
[12-May-2026 22:40:09 UTC] PHP Deprecated:  explode(): Passing null to parameter #2 ($string) of type string is deprecated in /var/www/html/src/Routes/ApiRouter.php on line 49
[12-May-2026 22:40:09 UTC] PHP Deprecated:  strpos(): Passing null to parameter #1 ($haystack) of type string is deprecated in /var/www/html/src/Routes/ApiRouter.php on line 40
[12-May-2026 22:40:09 UTC] PHP Deprecated:  explode(): Passing null to parameter #2 ($string) of type string is deprecated in /var/www/html/src/Routes/ApiRouter.php on line 49
[12-May-2026 22:40:12 UTC] PHP Deprecated:  strpos(): Passing null to parameter #1 ($haystack) of type string is deprecated in /var/www/html/src/Routes/ApiRouter.php on line 40
[12-May-2026 22:40:12 UTC] PHP Deprecated:  explode(): Passing null to parameter #2 ($string) of type string is deprecated in /var/www/html/src/Routes/ApiRouter.php on line 49
[12-May-2026 22:40:12 UTC] PHP Deprecated:  strpos(): Passing null to parameter #1 ($haystack) of type string is deprecated in /var/www/html/src/Routes/ApiRouter.php on line 40
[12-May-2026 22:40:12 UTC] PHP Deprecated:  explode(): Passing null to parameter #2 ($string) of type string is deprecated in /var/www/html/src/Routes/ApiRouter.php on line 49
[12-May-2026 22:42:28 UTC] PHP Deprecated:  strpos(): Passing null to parameter #1 ($haystack) of type string is deprecated in /var/www/html/src/Routes/ApiRouter.php on line 40
[12-May-2026 22:42:28 UTC] PHP Deprecated:  explode(): Passing null to parameter #2 ($string) of type string is deprecated in /var/www/html/src/Routes/ApiRouter.php on line 49
[12-May-2026 22:42:28 UTC] PHP Deprecated:  strpos(): Passing null to parameter #1 ($haystack) of type string is deprecated in /var/www/html/src/Routes/ApiRouter.php on line 40
[12-May-2026 22:42:28 UTC] PHP Deprecated:  explode(): Passing null to parameter #2 ($string) of type string is deprecated in /var/www/html/src/Routes/ApiRouter.php on line 49
[12-May-2026 22:46:24 UTC] PHP Deprecated:  strpos(): Passing null to parameter #1 ($haystack) of type string is deprecated in /var/www/html/src/Routes/ApiRouter.php on line 40
[12-May-2026 22:46:24 UTC] PHP Deprecated:  explode(): Passing null to parameter #2 ($string) of type string is deprecated in /var/www/html/src/Routes/ApiRouter.php on line 49
[12-May-2026 22:46:24 UTC] PHP Deprecated:  strpos(): Passing null to parameter #1 ($haystack) of type string is deprecated in /var/www/html/src/Routes/ApiRouter.php on line 40
[12-May-2026 22:46:24 UTC] PHP Deprecated:  explode(): Passing null to parameter #2 ($string) of type string is deprecated in /var/www/html/src/Routes/ApiRouter.php on line 49
[12-May-2026 22:51:12 UTC] PHP Deprecated:  strpos(): Passing null to parameter #1 ($haystack) of type string is deprecated in /var/www/html/src/Routes/ApiRouter.php on line 40
[12-May-2026 22:51:12 UTC] PHP Deprecated:  explode(): Passing null to parameter #2 ($string) of type string is deprecated in /var/www/html/src/Routes/ApiRouter.php on line 49
[12-May-2026 22:51:13 UTC] PHP Deprecated:  strpos(): Passing null to parameter #1 ($haystack) of type string is deprecated in /var/www/html/src/Routes/ApiRouter.php on line 40
[12-May-2026 22:51:13 UTC] PHP Deprecated:  explode(): Passing null to parameter #2 ($string) of type string is deprecated in /var/www/html/src/Routes/ApiRouter.php on line 49
[12-May-2026 22:57:52 UTC] PHP Deprecated:  strpos(): Passing null to parameter #1 ($haystack) of type string is deprecated in /var/www/html/src/Routes/ApiRouter.php on line 40
[12-May-2026 22:57:52 UTC] PHP Deprecated:  explode(): Passing null to parameter #2 ($string) of type string is deprecated in /var/www/html/src/Routes/ApiRouter.php on line 49
[12-May-2026 22:57:52 UTC] PHP Deprecated:  strpos(): Passing null to parameter #1 ($haystack) of type string is deprecated in /var/www/html/src/Routes/ApiRouter.php on line 40
[12-May-2026 22:57:52 UTC] PHP Deprecated:  explode(): Passing null to parameter #2 ($string) of type string is deprecated in /var/www/html/src/Routes/ApiRouter.php on line 49
[12-May-2026 22:58:02 UTC] PHP Deprecated:  strpos(): Passing null to parameter #1 ($haystack) of type string is deprecated in /var/www/html/src/Routes/ApiRouter.php on line 40
[12-May-2026 22:58:02 UTC] PHP Deprecated:  explode(): Passing null to parameter #2 ($string) of type string is deprecated in /var/www/html/src/Routes/ApiRouter.php on line 49
[12-May-2026 22:58:02 UTC] PHP Deprecated:  strpos(): Passing null to parameter #1 ($haystack) of type string is deprecated in /var/www/html/src/Routes/ApiRouter.php on line 40
[12-May-2026 22:58:02 UTC] PHP Deprecated:  explode(): Passing null to parameter #2 ($string) of type string is deprecated in /var/www/html/src/Routes/ApiRouter.php on line 49
[16-May-2026 18:33:46 UTC] Error in Member::getAll: SQLSTATE[42S22]: Column not found: 1054 Unknown column 'name_en' in 'field list'
[16-May-2026 18:33:47 UTC] Error in Member::getAll: SQLSTATE[42S22]: Column not found: 1054 Unknown column 'name_en' in 'field list'
[16-May-2026 18:34:20 UTC] Error in Member::getAll: SQLSTATE[42S22]: Column not found: 1054 Unknown column 'name_en' in 'field list'
[16-May-2026 18:34:21 UTC] Error in Member::getAll: SQLSTATE[42S22]: Column not found: 1054 Unknown column 'name_en' in 'field list'
[16-May-2026 23:28:02 UTC] Error in Member::getAll: SQLSTATE[42S22]: Column not found: 1054 Unknown column 'name_en' in 'field list'
[16-May-2026 23:28:02 UTC] Error in Member::getAll: SQLSTATE[42S22]: Column not found: 1054 Unknown column 'name_en' in 'field list'
[16-May-2026 23:29:54 UTC] Error in Member::getAll: SQLSTATE[42S22]: Column not found: 1054 Unknown column 'name_en' in 'field list'
[16-May-2026 23:29:54 UTC] Error in Member::getAll: SQLSTATE[42S22]: Column not found: 1054 Unknown column 'name_en' in 'field list'
[16-May-2026 23:30:08 UTC] Error in Member::getAll: SQLSTATE[42S22]: Column not found: 1054 Unknown column 'name_en' in 'field list'
[16-May-2026 23:30:09 UTC] Error in Member::getAll: SQLSTATE[42S22]: Column not found: 1054 Unknown column 'name_en' in 'field list'
[16-May-2026 23:30:50 UTC] Error in Member::getAll: SQLSTATE[42S22]: Column not found: 1054 Unknown column 'name_en' in 'field list'
[16-May-2026 23:30:51 UTC] Error in Member::getAll: SQLSTATE[42S22]: Column not found: 1054 Unknown column 'name_en' in 'field list'
[16-May-2026 23:30:52 UTC] Error in Member::getAll: SQLSTATE[42S22]: Column not found: 1054 Unknown column 'name_en' in 'field list'
[16-May-2026 23:30:53 UTC] Error in Member::getAll: SQLSTATE[42S22]: Column not found: 1054 Unknown column 'name_en' in 'field list'
[16-May-2026 23:30:58 UTC] Error in Member::getAll: SQLSTATE[42S22]: Column not found: 1054 Unknown column 'name_en' in 'field list'
[16-May-2026 23:30:58 UTC] Error in Member::getAll: SQLSTATE[42S22]: Column not found: 1054 Unknown column 'name_en' in 'field list'
[16-May-2026 23:30:59 UTC] Error in Member::getAll: SQLSTATE[42S22]: Column not found: 1054 Unknown column 'name_en' in 'field list'
[16-May-2026 23:30:59 UTC] Error in Member::getAll: SQLSTATE[42S22]: Column not found: 1054 Unknown column 'name_en' in 'field list'
[16-May-2026 23:31:04 UTC] Error in Member::getAll: SQLSTATE[42S22]: Column not found: 1054 Unknown column 'name_en' in 'field list'
[16-May-2026 23:31:05 UTC] Error in Member::getAll: SQLSTATE[42S22]: Column not found: 1054 Unknown column 'name_en' in 'field list'
[16-May-2026 23:31:05 UTC] Error in Member::getAll: SQLSTATE[42S22]: Column not found: 1054 Unknown column 'name_en' in 'field list'
[16-May-2026 23:31:06 UTC] Error in Member::getAll: SQLSTATE[42S22]: Column not found: 1054 Unknown column 'name_en' in 'field list'
[16-May-2026 23:39:26 UTC] Error in Member::getAll: SQLSTATE[42S22]: Column not found: 1054 Unknown column 'name_en' in 'field list'
[16-May-2026 23:39:27 UTC] Error in Member::getAll: SQLSTATE[42S22]: Column not found: 1054 Unknown column 'name_en' in 'field list'
[16-May-2026 23:39:28 UTC] Error in Member::getAll: SQLSTATE[42S22]: Column not found: 1054 Unknown column 'name_en' in 'field list'
[16-May-2026 23:39:29 UTC] Error in Member::getAll: SQLSTATE[42S22]: Column not found: 1054 Unknown column 'name_en' in 'field list'
[16-May-2026 23:39:30 UTC] Error in Member::getAll: SQLSTATE[42S22]: Column not found: 1054 Unknown column 'name_en' in 'field list'
[16-May-2026 23:39:31 UTC] Error in Member::getAll: SQLSTATE[42S22]: Column not found: 1054 Unknown column 'name_en' in 'field list'
[16-May-2026 23:39:32 UTC] Error in Member::getAll: SQLSTATE[42S22]: Column not found: 1054 Unknown column 'name_en' in 'field list'
[16-May-2026 23:39:34 UTC] Error in Member::getAll: SQLSTATE[42S22]: Column not found: 1054 Unknown column 'name_en' in 'field list'
[16-May-2026 23:39:53 UTC] Error in Member::getAll: SQLSTATE[42S22]: Column not found: 1054 Unknown column 'name_en' in 'field list'
[16-May-2026 23:39:54 UTC] Error in Member::getAll: SQLSTATE[42S22]: Column not found: 1054 Unknown column 'name_en' in 'field list'
[16-May-2026 23:40:44 UTC] Error in Member::getAll: SQLSTATE[42S22]: Column not found: 1054 Unknown column 'name_en' in 'field list'
[16-May-2026 23:40:44 UTC] Error in Member::getAll: SQLSTATE[42S22]: Column not found: 1054 Unknown column 'name_en' in 'field list'
[16-May-2026 23:40:44 UTC] Error in Member::getAll: SQLSTATE[42S22]: Column not found: 1054 Unknown column 'name_en' in 'field list'
[16-May-2026 23:40:44 UTC] Error in Member::getAll: SQLSTATE[42S22]: Column not found: 1054 Unknown column 'name_en' in 'field list'
[16-May-2026 23:41:30 UTC] Error in Member::getAll: SQLSTATE[42S22]: Column not found: 1054 Unknown column 'name_en' in 'field list'
[16-May-2026 23:48:47 UTC] Error in Member::getAll: SQLSTATE[42S22]: Column not found: 1054 Unknown column 'name_en' in 'field list'
[16-May-2026 23:50:07 UTC] Error in Member::getAll: SQLSTATE[42S22]: Column not found: 1054 Unknown column 'name_en' in 'field list'
[16-May-2026 23:50:14 UTC] Error in Member::getAll: SQLSTATE[42S22]: Column not found: 1054 Unknown column 'name_en' in 'field list'
[17-May-2026 01:10:58 UTC] Hero get error: SQLSTATE[42S02]: Base table or view not found: 1146 Table 'milal_homepage.heroes' doesn't exist
[17-May-2026 01:10:59 UTC] Hero get error: SQLSTATE[42S02]: Base table or view not found: 1146 Table 'milal_homepage.heroes' doesn't exist
[17-May-2026 01:10:59 UTC] Hero get error: SQLSTATE[42S02]: Base table or view not found: 1146 Table 'milal_homepage.heroes' doesn't exist
[17-May-2026 01:10:59 UTC] Hero get error: SQLSTATE[42S02]: Base table or view not found: 1146 Table 'milal_homepage.heroes' doesn't exist
[17-May-2026 01:11:00 UTC] Hero get error: SQLSTATE[42S02]: Base table or view not found: 1146 Table 'milal_homepage.heroes' doesn't exist
[17-May-2026 01:11:00 UTC] Hero get error: SQLSTATE[42S02]: Base table or view not found: 1146 Table 'milal_homepage.heroes' doesn't exist
[17-May-2026 01:11:00 UTC] Hero get error: SQLSTATE[42S02]: Base table or view not found: 1146 Table 'milal_homepage.heroes' doesn't exist
[17-May-2026 01:11:00 UTC] Hero get error: SQLSTATE[42S02]: Base table or view not found: 1146 Table 'milal_homepage.heroes' doesn't exist
[17-May-2026 01:11:01 UTC] Hero get error: SQLSTATE[42S02]: Base table or view not found: 1146 Table 'milal_homepage.heroes' doesn't exist
[17-May-2026 01:11:02 UTC] Hero get error: SQLSTATE[42S02]: Base table or view not found: 1146 Table 'milal_homepage.heroes' doesn't exist
[17-May-2026 01:11:02 UTC] Hero get error: SQLSTATE[42S02]: Base table or view not found: 1146 Table 'milal_homepage.heroes' doesn't exist
[17-May-2026 01:11:02 UTC] Hero get error: SQLSTATE[42S02]: Base table or view not found: 1146 Table 'milal_homepage.heroes' doesn't exist
[17-May-2026 01:12:13 UTC] Hero get error: SQLSTATE[42S02]: Base table or view not found: 1146 Table 'milal_homepage.heroes' doesn't exist
[17-May-2026 01:13:08 UTC] Hero get error: SQLSTATE[42S02]: Base table or view not found: 1146 Table 'milal_homepage.heroes' doesn't exist
[17-May-2026 01:13:09 UTC] Hero get error: SQLSTATE[42S02]: Base table or view not found: 1146 Table 'milal_homepage.heroes' doesn't exist
[17-May-2026 01:13:14 UTC] Hero get error: SQLSTATE[42S02]: Base table or view not found: 1146 Table 'milal_homepage.heroes' doesn't exist
[17-May-2026 01:33:00 UTC] Get all quick links error: SQLSTATE[42S02]: Base table or view not found: 1146 Table 'milal_homepage.quick_links' doesn't exist
[17-May-2026 01:33:01 UTC] Get all quick links error: SQLSTATE[42S02]: Base table or view not found: 1146 Table 'milal_homepage.quick_links' doesn't exist
[17-May-2026 01:35:44 UTC] Get all quick links error: SQLSTATE[42S02]: Base table or view not found: 1146 Table 'milal_homepage.quick_links' doesn't exist
[17-May-2026 01:35:44 UTC] Get all quick links error: SQLSTATE[42S02]: Base table or view not found: 1146 Table 'milal_homepage.quick_links' doesn't exist
[17-May-2026 01:36:40 UTC] Get all quick links error: SQLSTATE[42S02]: Base table or view not found: 1146 Table 'milal_homepage.quick_links' doesn't exist
[17-May-2026 01:36:40 UTC] Get all quick links error: SQLSTATE[42S02]: Base table or view not found: 1146 Table 'milal_homepage.quick_links' doesn't exist
[17-May-2026 01:36:48 UTC] Get all quick links error: SQLSTATE[42S02]: Base table or view not found: 1146 Table 'milal_homepage.quick_links' doesn't exist
[17-May-2026 03:33:23 UTC] Get all quick links error: SQLSTATE[42S02]: Base table or view not found: 1146 Table 'milal_homepage.quick_links' doesn't exist
[17-May-2026 03:33:23 UTC] Get all quick links error: SQLSTATE[42S02]: Base table or view not found: 1146 Table 'milal_homepage.quick_links' doesn't exist
[17-May-2026 03:38:41 UTC] Get all vision statements error: SQLSTATE[42S02]: Base table or view not found: 1146 Table 'milal_homepage.vision_statements' doesn't exist
[17-May-2026 03:38:41 UTC] Get all announcements error: SQLSTATE[42S02]: Base table or view not found: 1146 Table 'milal_homepage.announcements' doesn't exist
[17-May-2026 03:38:41 UTC] Get all together items error: SQLSTATE[42S02]: Base table or view not found: 1146 Table 'milal_homepage.together_items' doesn't exist
[17-May-2026 03:38:41 UTC] Get all bulletins error: SQLSTATE[42S02]: Base table or view not found: 1146 Table 'milal_homepage.bulletins' doesn't exist
[17-May-2026 03:38:41 UTC] Get all sermons error: SQLSTATE[42S02]: Base table or view not found: 1146 Table 'milal_homepage.sermons' doesn't exist
[17-May-2026 03:38:41 UTC] Get all sections error: SQLSTATE[42S02]: Base table or view not found: 1146 Table 'milal_homepage.section_titles' doesn't exist
[17-May-2026 03:38:41 UTC] Get all departments error: SQLSTATE[42S02]: Base table or view not found: 1146 Table 'milal_homepage.departments' doesn't exist
[17-May-2026 03:38:41 UTC] Get background images error: SQLSTATE[42S02]: Base table or view not found: 1146 Table 'milal_homepage.hero_background_images' doesn't exist
[17-May-2026 03:38:41 UTC] Get all quick links error: SQLSTATE[42S02]: Base table or view not found: 1146 Table 'milal_homepage.quick_links' doesn't exist
[17-May-2026 03:38:41 UTC] Error in Member::getAll: SQLSTATE[42S02]: Base table or view not found: 1146 Table 'milal_homepage.members' doesn't exist
[17-May-2026 03:38:41 UTC] Get all landing page titles error: SQLSTATE[42S02]: Base table or view not found: 1146 Table 'milal_homepage.landing_page_titles' doesn't exist
[17-May-2026 03:38:41 UTC] Error in Member::count: SQLSTATE[42S02]: Base table or view not found: 1146 Table 'milal_homepage.members' doesn't exist
[17-May-2026 03:38:41 UTC] Get all vision statements error: SQLSTATE[42S02]: Base table or view not found: 1146 Table 'milal_homepage.vision_statements' doesn't exist
[17-May-2026 03:38:41 UTC] Get all announcements error: SQLSTATE[42S02]: Base table or view not found: 1146 Table 'milal_homepage.announcements' doesn't exist
[17-May-2026 03:38:41 UTC] Get all together items error: SQLSTATE[42S02]: Base table or view not found: 1146 Table 'milal_homepage.together_items' doesn't exist
[17-May-2026 03:38:41 UTC] Get all bulletins error: SQLSTATE[42S02]: Base table or view not found: 1146 Table 'milal_homepage.bulletins' doesn't exist
[17-May-2026 03:38:41 UTC] Get all sections error: SQLSTATE[42S02]: Base table or view not found: 1146 Table 'milal_homepage.section_titles' doesn't exist
[17-May-2026 03:38:41 UTC] Get all sermons error: SQLSTATE[42S02]: Base table or view not found: 1146 Table 'milal_homepage.sermons' doesn't exist
[17-May-2026 03:38:41 UTC] Get all departments error: SQLSTATE[42S02]: Base table or view not found: 1146 Table 'milal_homepage.departments' doesn't exist
[17-May-2026 03:38:46 UTC] Error in Member::getAll: SQLSTATE[42S02]: Base table or view not found: 1146 Table 'milal_homepage.members' doesn't exist
[17-May-2026 03:38:46 UTC] Get all vision statements error: SQLSTATE[42S02]: Base table or view not found: 1146 Table 'milal_homepage.vision_statements' doesn't exist
[17-May-2026 03:38:46 UTC] Error in Member::count: SQLSTATE[42S02]: Base table or view not found: 1146 Table 'milal_homepage.members' doesn't exist
[17-May-2026 03:38:46 UTC] Get all quick links error: SQLSTATE[42S02]: Base table or view not found: 1146 Table 'milal_homepage.quick_links' doesn't exist
[17-May-2026 03:38:46 UTC] Get all sections error: SQLSTATE[42S02]: Base table or view not found: 1146 Table 'milal_homepage.section_titles' doesn't exist
[17-May-2026 03:38:46 UTC] Get background images error: SQLSTATE[42S02]: Base table or view not found: 1146 Table 'milal_homepage.hero_background_images' doesn't exist
[17-May-2026 03:38:46 UTC] Get all landing page titles error: SQLSTATE[42S02]: Base table or view not found: 1146 Table 'milal_homepage.landing_page_titles' doesn't exist
[17-May-2026 03:38:46 UTC] Get all together items error: SQLSTATE[42S02]: Base table or view not found: 1146 Table 'milal_homepage.together_items' doesn't exist
[17-May-2026 03:38:46 UTC] Get all bulletins error: SQLSTATE[42S02]: Base table or view not found: 1146 Table 'milal_homepage.bulletins' doesn't exist
[17-May-2026 03:38:46 UTC] Get all sermons error: SQLSTATE[42S02]: Base table or view not found: 1146 Table 'milal_homepage.sermons' doesn't exist
[17-May-2026 03:38:47 UTC] Get all departments error: SQLSTATE[42S02]: Base table or view not found: 1146 Table 'milal_homepage.departments' doesn't exist
[17-May-2026 03:38:47 UTC] Get all vision statements error: SQLSTATE[42S02]: Base table or view not found: 1146 Table 'milal_homepage.vision_statements' doesn't exist
[17-May-2026 03:38:47 UTC] Get all announcements error: SQLSTATE[42S02]: Base table or view not found: 1146 Table 'milal_homepage.announcements' doesn't exist
[17-May-2026 03:38:47 UTC] Error in Member::getAll: SQLSTATE[42S02]: Base table or view not found: 1146 Table 'milal_homepage.members' doesn't exist
[17-May-2026 03:38:47 UTC] Error in Member::count: SQLSTATE[42S02]: Base table or view not found: 1146 Table 'milal_homepage.members' doesn't exist
[17-May-2026 03:38:47 UTC] Get all quick links error: SQLSTATE[42S02]: Base table or view not found: 1146 Table 'milal_homepage.quick_links' doesn't exist
[17-May-2026 03:38:47 UTC] Get all sections error: SQLSTATE[42S02]: Base table or view not found: 1146 Table 'milal_homepage.section_titles' doesn't exist
[17-May-2026 03:38:47 UTC] Get background images error: SQLSTATE[42S02]: Base table or view not found: 1146 Table 'milal_homepage.hero_background_images' doesn't exist
[17-May-2026 03:38:47 UTC] Get all landing page titles error: SQLSTATE[42S02]: Base table or view not found: 1146 Table 'milal_homepage.landing_page_titles' doesn't exist
[17-May-2026 03:38:47 UTC] Get all together items error: SQLSTATE[42S02]: Base table or view not found: 1146 Table 'milal_homepage.together_items' doesn't exist
[17-May-2026 03:38:47 UTC] Get all bulletins error: SQLSTATE[42S02]: Base table or view not found: 1146 Table 'milal_homepage.bulletins' doesn't exist
[17-May-2026 03:38:47 UTC] Get all sermons error: SQLSTATE[42S02]: Base table or view not found: 1146 Table 'milal_homepage.sermons' doesn't exist
[17-May-2026 03:38:47 UTC] Get all departments error: SQLSTATE[42S02]: Base table or view not found: 1146 Table 'milal_homepage.departments' doesn't exist
[17-May-2026 03:38:47 UTC] Get all announcements error: SQLSTATE[42S02]: Base table or view not found: 1146 Table 'milal_homepage.announcements' doesn't exist
[17-May-2026 03:38:58 UTC] Get background images error: SQLSTATE[42S02]: Base table or view not found: 1146 Table 'milal_homepage.hero_background_images' doesn't exist
[17-May-2026 03:38:58 UTC] Error in Member::getAll: SQLSTATE[42S02]: Base table or view not found: 1146 Table 'milal_homepage.members' doesn't exist
[17-May-2026 03:38:58 UTC] Error in Member::count: SQLSTATE[42S02]: Base table or view not found: 1146 Table 'milal_homepage.members' doesn't exist
[17-May-2026 03:38:58 UTC] Get all landing page titles error: SQLSTATE[42S02]: Base table or view not found: 1146 Table 'milal_homepage.landing_page_titles' doesn't exist
[17-May-2026 03:38:58 UTC] Get all quick links error: SQLSTATE[42S02]: Base table or view not found: 1146 Table 'milal_homepage.quick_links' doesn't exist
[17-May-2026 03:38:58 UTC] Get all sections error: SQLSTATE[42S02]: Base table or view not found: 1146 Table 'milal_homepage.section_titles' doesn't exist
[17-May-2026 03:38:58 UTC] Get all vision statements error: SQLSTATE[42S02]: Base table or view not found: 1146 Table 'milal_homepage.vision_statements' doesn't exist
[17-May-2026 03:38:58 UTC] Get all together items error: SQLSTATE[42S02]: Base table or view not found: 1146 Table 'milal_homepage.together_items' doesn't exist
[17-May-2026 03:38:58 UTC] Get all bulletins error: SQLSTATE[42S02]: Base table or view not found: 1146 Table 'milal_homepage.bulletins' doesn't exist
[17-May-2026 03:38:58 UTC] Get all sermons error: SQLSTATE[42S02]: Base table or view not found: 1146 Table 'milal_homepage.sermons' doesn't exist
[17-May-2026 03:38:58 UTC] Get all announcements error: SQLSTATE[42S02]: Base table or view not found: 1146 Table 'milal_homepage.announcements' doesn't exist
[17-May-2026 03:38:58 UTC] Get background images error: SQLSTATE[42S02]: Base table or view not found: 1146 Table 'milal_homepage.hero_background_images' doesn't exist
[17-May-2026 03:38:58 UTC] Get all departments error: SQLSTATE[42S02]: Base table or view not found: 1146 Table 'milal_homepage.departments' doesn't exist
[17-May-2026 03:38:58 UTC] Error in Member::getAll: SQLSTATE[42S02]: Base table or view not found: 1146 Table 'milal_homepage.members' doesn't exist
[17-May-2026 03:38:58 UTC] Get all landing page titles error: SQLSTATE[42S02]: Base table or view not found: 1146 Table 'milal_homepage.landing_page_titles' doesn't exist
[17-May-2026 03:38:58 UTC] Error in Member::count: SQLSTATE[42S02]: Base table or view not found: 1146 Table 'milal_homepage.members' doesn't exist
[17-May-2026 03:38:58 UTC] Get all quick links error: SQLSTATE[42S02]: Base table or view not found: 1146 Table 'milal_homepage.quick_links' doesn't exist
[17-May-2026 03:38:58 UTC] Get all sections error: SQLSTATE[42S02]: Base table or view not found: 1146 Table 'milal_homepage.section_titles' doesn't exist
[17-May-2026 03:38:58 UTC] Get all vision statements error: SQLSTATE[42S02]: Base table or view not found: 1146 Table 'milal_homepage.vision_statements' doesn't exist
[17-May-2026 03:38:58 UTC] Get all together items error: SQLSTATE[42S02]: Base table or view not found: 1146 Table 'milal_homepage.together_items' doesn't exist
[17-May-2026 03:38:58 UTC] Get all bulletins error: SQLSTATE[42S02]: Base table or view not found: 1146 Table 'milal_homepage.bulletins' doesn't exist
[17-May-2026 03:38:58 UTC] Get all sermons error: SQLSTATE[42S02]: Base table or view not found: 1146 Table 'milal_homepage.sermons' doesn't exist
[17-May-2026 03:38:58 UTC] Get all announcements error: SQLSTATE[42S02]: Base table or view not found: 1146 Table 'milal_homepage.announcements' doesn't exist
[17-May-2026 03:38:58 UTC] Get all departments error: SQLSTATE[42S02]: Base table or view not found: 1146 Table 'milal_homepage.departments' doesn't exist
[17-May-2026 03:39:04 UTC] Get all quick links error: SQLSTATE[42S02]: Base table or view not found: 1146 Table 'milal_homepage.quick_links' doesn't exist
[17-May-2026 03:39:04 UTC] Error in Member::getAll: SQLSTATE[42S02]: Base table or view not found: 1146 Table 'milal_homepage.members' doesn't exist
[17-May-2026 03:39:04 UTC] Get background images error: SQLSTATE[42S02]: Base table or view not found: 1146 Table 'milal_homepage.hero_background_images' doesn't exist
[17-May-2026 03:39:04 UTC] Error in Member::count: SQLSTATE[42S02]: Base table or view not found: 1146 Table 'milal_homepage.members' doesn't exist
[17-May-2026 03:39:04 UTC] Get all sections error: SQLSTATE[42S02]: Base table or view not found: 1146 Table 'milal_homepage.section_titles' doesn't exist
[17-May-2026 03:39:04 UTC] Get all vision statements error: SQLSTATE[42S02]: Base table or view not found: 1146 Table 'milal_homepage.vision_statements' doesn't exist
[17-May-2026 03:39:04 UTC] Get all landing page titles error: SQLSTATE[42S02]: Base table or view not found: 1146 Table 'milal_homepage.landing_page_titles' doesn't exist
[17-May-2026 03:39:04 UTC] Get all together items error: SQLSTATE[42S02]: Base table or view not found: 1146 Table 'milal_homepage.together_items' doesn't exist
[17-May-2026 03:39:04 UTC] Get all bulletins error: SQLSTATE[42S02]: Base table or view not found: 1146 Table 'milal_homepage.bulletins' doesn't exist
[17-May-2026 03:39:04 UTC] Get all departments error: SQLSTATE[42S02]: Base table or view not found: 1146 Table 'milal_homepage.departments' doesn't exist
[17-May-2026 03:39:04 UTC] Get all sermons error: SQLSTATE[42S02]: Base table or view not found: 1146 Table 'milal_homepage.sermons' doesn't exist
[17-May-2026 03:39:04 UTC] Get all quick links error: SQLSTATE[42S02]: Base table or view not found: 1146 Table 'milal_homepage.quick_links' doesn't exist
[17-May-2026 03:39:04 UTC] Get background images error: SQLSTATE[42S02]: Base table or view not found: 1146 Table 'milal_homepage.hero_background_images' doesn't exist
[17-May-2026 03:39:04 UTC] Get all announcements error: SQLSTATE[42S02]: Base table or view not found: 1146 Table 'milal_homepage.announcements' doesn't exist
[17-May-2026 03:39:04 UTC] Error in Member::getAll: SQLSTATE[42S02]: Base table or view not found: 1146 Table 'milal_homepage.members' doesn't exist
[17-May-2026 03:39:04 UTC] Error in Member::count: SQLSTATE[42S02]: Base table or view not found: 1146 Table 'milal_homepage.members' doesn't exist
[17-May-2026 03:39:04 UTC] Get all sections error: SQLSTATE[42S02]: Base table or view not found: 1146 Table 'milal_homepage.section_titles' doesn't exist
[17-May-2026 03:39:04 UTC] Get all landing page titles error: SQLSTATE[42S02]: Base table or view not found: 1146 Table 'milal_homepage.landing_page_titles' doesn't exist
[17-May-2026 03:39:04 UTC] Get all vision statements error: SQLSTATE[42S02]: Base table or view not found: 1146 Table 'milal_homepage.vision_statements' doesn't exist
[17-May-2026 03:39:04 UTC] Get all together items error: SQLSTATE[42S02]: Base table or view not found: 1146 Table 'milal_homepage.together_items' doesn't exist
[17-May-2026 03:39:04 UTC] Get all bulletins error: SQLSTATE[42S02]: Base table or view not found: 1146 Table 'milal_homepage.bulletins' doesn't exist
[17-May-2026 03:39:04 UTC] Get all departments error: SQLSTATE[42S02]: Base table or view not found: 1146 Table 'milal_homepage.departments' doesn't exist
[17-May-2026 03:39:04 UTC] Get all sermons error: SQLSTATE[42S02]: Base table or view not found: 1146 Table 'milal_homepage.sermons' doesn't exist
[17-May-2026 03:39:04 UTC] Get all announcements error: SQLSTATE[42S02]: Base table or view not found: 1146 Table 'milal_homepage.announcements' doesn't exist
[17-May-2026 03:39:07 UTC] Get all quick links error: SQLSTATE[42S02]: Base table or view not found: 1146 Table 'milal_homepage.quick_links' doesn't exist
[17-May-2026 03:39:07 UTC] Get background images error: SQLSTATE[42S02]: Base table or view not found: 1146 Table 'milal_homepage.hero_background_images' doesn't exist
[17-May-2026 03:39:07 UTC] Get all landing page titles error: SQLSTATE[42S02]: Base table or view not found: 1146 Table 'milal_homepage.landing_page_titles' doesn't exist
[17-May-2026 03:39:07 UTC] Error in Member::getAll: SQLSTATE[42S02]: Base table or view not found: 1146 Table 'milal_homepage.members' doesn't exist
[17-May-2026 03:39:07 UTC] Error in Member::count: SQLSTATE[42S02]: Base table or view not found: 1146 Table 'milal_homepage.members' doesn't exist
[17-May-2026 03:39:07 UTC] Get all sections error: SQLSTATE[42S02]: Base table or view not found: 1146 Table 'milal_homepage.section_titles' doesn't exist
[17-May-2026 03:39:07 UTC] Get all vision statements error: SQLSTATE[42S02]: Base table or view not found: 1146 Table 'milal_homepage.vision_statements' doesn't exist
[17-May-2026 03:39:07 UTC] Get all together items error: SQLSTATE[42S02]: Base table or view not found: 1146 Table 'milal_homepage.together_items' doesn't exist
[17-May-2026 03:39:07 UTC] Get all sermons error: SQLSTATE[42S02]: Base table or view not found: 1146 Table 'milal_homepage.sermons' doesn't exist
[17-May-2026 03:39:07 UTC] Get all bulletins error: SQLSTATE[42S02]: Base table or view not found: 1146 Table 'milal_homepage.bulletins' doesn't exist
[17-May-2026 03:39:07 UTC] Get background images error: SQLSTATE[42S02]: Base table or view not found: 1146 Table 'milal_homepage.hero_background_images' doesn't exist
[17-May-2026 03:39:07 UTC] Get all announcements error: SQLSTATE[42S02]: Base table or view not found: 1146 Table 'milal_homepage.announcements' doesn't exist
[17-May-2026 03:39:07 UTC] Get all departments error: SQLSTATE[42S02]: Base table or view not found: 1146 Table 'milal_homepage.departments' doesn't exist
[17-May-2026 03:39:07 UTC] Get all quick links error: SQLSTATE[42S02]: Base table or view not found: 1146 Table 'milal_homepage.quick_links' doesn't exist
[17-May-2026 03:39:07 UTC] Get all landing page titles error: SQLSTATE[42S02]: Base table or view not found: 1146 Table 'milal_homepage.landing_page_titles' doesn't exist
[17-May-2026 03:39:07 UTC] Error in Member::getAll: SQLSTATE[42S02]: Base table or view not found: 1146 Table 'milal_homepage.members' doesn't exist
[17-May-2026 03:39:07 UTC] Error in Member::count: SQLSTATE[42S02]: Base table or view not found: 1146 Table 'milal_homepage.members' doesn't exist
[17-May-2026 03:39:07 UTC] Get all sections error: SQLSTATE[42S02]: Base table or view not found: 1146 Table 'milal_homepage.section_titles' doesn't exist
[17-May-2026 03:39:07 UTC] Get all vision statements error: SQLSTATE[42S02]: Base table or view not found: 1146 Table 'milal_homepage.vision_statements' doesn't exist
[17-May-2026 03:39:07 UTC] Get all sermons error: SQLSTATE[42S02]: Base table or view not found: 1146 Table 'milal_homepage.sermons' doesn't exist
[17-May-2026 03:39:07 UTC] Get all together items error: SQLSTATE[42S02]: Base table or view not found: 1146 Table 'milal_homepage.together_items' doesn't exist
[17-May-2026 03:39:07 UTC] Get all bulletins error: SQLSTATE[42S02]: Base table or view not found: 1146 Table 'milal_homepage.bulletins' doesn't exist
[17-May-2026 03:39:07 UTC] Get all announcements error: SQLSTATE[42S02]: Base table or view not found: 1146 Table 'milal_homepage.announcements' doesn't exist
[17-May-2026 03:39:07 UTC] Get all departments error: SQLSTATE[42S02]: Base table or view not found: 1146 Table 'milal_homepage.departments' doesn't exist
[18-May-2026 04:27:34 UTC] Get parking map error: SQLSTATE[42S02]: Base table or view not found: 1146 Table 'milal_homepage.parking_map' doesn't exist
[18-May-2026 04:27:35 UTC] Get parking map error: SQLSTATE[42S02]: Base table or view not found: 1146 Table 'milal_homepage.parking_map' doesn't exist
[18-May-2026 04:28:07 UTC] Get parking map error: SQLSTATE[42S02]: Base table or view not found: 1146 Table 'milal_homepage.parking_map' doesn't exist
[18-May-2026 04:58:50 UTC] Get banner image error: SQLSTATE[42S02]: Base table or view not found: 1146 Table 'milal_homepage.banner_image' doesn't exist
[18-May-2026 04:58:50 UTC] Get banner image error: SQLSTATE[42S02]: Base table or view not found: 1146 Table 'milal_homepage.banner_image' doesn't exist
[18-May-2026 04:59:33 UTC] Get banner image error: SQLSTATE[42S02]: Base table or view not found: 1146 Table 'milal_homepage.banner_image' doesn't exist
